// Jest Snapshot v1, https://goo.gl/fbAQLP

exports[`BreweryDetails should match snapshot 1`] = `
<section>
  <div
    className="big-card"
  >
    <h1 />
    <h4
      className="brew type"
    >
      Brewery Type: 
    </h4>
    <h4
      className="brew city"
    >
      City: 
    </h4>
    <h4
      className="brew street"
    >
      Street: 
    </h4>
    <h4
      className="brew number"
    >
      Phone: 
    </h4>
    <button
      className="favorite-btn"
      onClick={[Function]}
    >
      Favorite
    </button>
  </div>
</section>
`;
