// Jest Snapshot v1, https://goo.gl/fbAQLP

exports[`Form should match snapshot 1`] = `
<form>
  <label
    htmlFor="search"
  >
     Search Here 
  </label>
  <input
    id="search"
    name="city"
    onChange={[Function]}
    placeholder="Search for breweries in a city near you..."
    type="text"
    value=""
  />
  <div
    className="button-holder"
  >
    <input
      className="search"
      onClick={[Function]}
      type="button"
      value="Search"
    />
    <NavLink
      to="/show-all"
    >
      <input
        className="show-all"
        name="Show All"
        onClick={[Function]}
        type="button"
        value="Show All"
      />
    </NavLink>
    <NavLink
      to="/favorites"
    >
      <input
        className="show-favorites"
        onClick={[Function]}
        type="button"
        value="Show Favorites"
      />
    </NavLink>
  </div>
</form>
`;
